{"sessionId": "cb680a", "runId": "pre-fix", "hypothesisId": "A", "location": "config.py:load_dotenv", "message": "paths before load_dotenv", "data": {"cwd": "C:\\Users\\stebo\\Desktop\\progetti app\\appunti2pdf", "env_exists": true, "env_example_exists": true, "env_key_in_os_before": false}, "timestamp": 1785493880630}
{"sessionId": "cb680a", "runId": "pre-fix", "hypothesisId": "B", "location": "config.py:load_dotenv", "message": "after load_dotenv(BASE_DIR/.env)", "data": {"env_key_in_os_after": true, "env_key_len_after": 53}, "timestamp": 1785493880648}
{"sessionId": "cb680a", "runId": "pre-fix", "hypothesisId": "C", "location": "config.py:AISettings", "message": "AI_SETTINGS initialized", "data": {"api_key_configured": true, "api_key_len": 53}, "timestamp": 1785493880651}
{"sessionId": "cb680a", "runId": "pre-fix", "hypothesisId": "A", "location": "config.py:load_dotenv", "message": "paths before load_dotenv", "data": {"cwd": "C:\\Users\\stebo\\Desktop\\progetti app\\appunti2pdf", "env_exists": true, "env_example_exists": true, "env_key_in_os_before": false}, "timestamp": 1785493949244}
{"sessionId": "cb680a", "runId": "pre-fix", "hypothesisId": "B", "location": "config.py:load_dotenv", "message": "after load_dotenv(BASE_DIR/.env)", "data": {"env_key_in_os_after": true, "env_key_len_after": 53}, "timestamp": 1785493949248}
{"sessionId": "cb680a", "runId": "pre-fix", "hypothesisId": "C", "location": "config.py:AISettings", "message": "AI_SETTINGS initialized", "data": {"api_key_configured": true, "api_key_len": 53}, "timestamp": 1785493949251}
{"sessionId": "cb680a", "runId": "post-fix", "hypothesisId": "D", "location": "app.py:main", "message": "ai_ready check at startup", "data": {"ai_ready": true}, "timestamp": 1785493949671}
{"sessionId": "cb680a", "runId": "post-fix", "hypothesisId": "D", "location": "app.py:main", "message": "ai_ready check at startup", "data": {"ai_ready": true}, "timestamp": 1785494392112}
{"sessionId": "cb680a", "runId": "post-fix", "hypothesisId": "D", "location": "app.py:main", "message": "ai_ready check at startup", "data": {"ai_ready": true}, "timestamp": 1785494394661}
{"sessionId": "cb680a", "runId": "post-fix", "hypothesisId": "D", "location": "app.py:main", "message": "ai_ready check at startup", "data": {"ai_ready": true}, "timestamp": 1785494409815}
{"sessionId": "cb680a", "runId": "post-fix", "hypothesisId": "D", "location": "app.py:main", "message": "ai_ready check at startup", "data": {"ai_ready": true}, "timestamp": 1785494417957}
{"sessionId": "cb680a", "runId": "post-fix", "hypothesisId": "D", "location": "app.py:main", "message": "ai_ready check at startup", "data": {"ai_ready": true}, "timestamp": 1785494422290}
{"sessionId": "cb680a", "runId": "post-fix", "hypothesisId": "D", "location": "app.py:main", "message": "ai_ready check at startup", "data": {"ai_ready": true}, "timestamp": 1785494542685}
{"sessionId": "cb680a", "runId": "post-fix", "hypothesisId": "D", "location": "app.py:main", "message": "ai_ready check at startup", "data": {"ai_ready": true}, "timestamp": 1785494548682}
{"sessionId": "cb680a", "runId": "post-fix", "hypothesisId": "D", "location": "app.py:main", "message": "ai_ready check at startup", "data": {"ai_ready": true}, "timestamp": 1785494565642}
{"sessionId": "cb680a", "runId": "post-fix", "hypothesisId": "D", "location": "app.py:main", "message": "ai_ready check at startup", "data": {"ai_ready": true}, "timestamp": 1785494577487}
{"sessionId": "cb680a", "runId": "post-fix", "hypothesisId": "D", "location": "app.py:main", "message": "ai_ready check at startup", "data": {"ai_ready": true}, "timestamp": 1785494578611}
{"sessionId": "cb680a", "runId": "post-fix", "hypothesisId": "D", "location": "app.py:main", "message": "ai_ready check at startup", "data": {"ai_ready": true}, "timestamp": 1785494581729}
{"sessionId": "cb680a", "runId": "post-fix", "hypothesisId": "D", "location": "app.py:main", "message": "ai_ready check at startup", "data": {"ai_ready": true}, "timestamp": 1785494586545}
{"sessionId": "cb680a", "runId": "post-fix", "hypothesisId": "D", "location": "app.py:main", "message": "ai_ready check at startup", "data": {"ai_ready": true}, "timestamp": 1785494717884}
{"sessionId": "cb680a", "runId": "post-fix", "hypothesisId": "D", "location": "app.py:main", "message": "ai_ready check at startup", "data": {"ai_ready": true}, "timestamp": 1785494721331}
{"sessionId": "cb680a", "runId": "post-fix", "hypothesisId": "D", "location": "app.py:main", "message": "ai_ready check at startup", "data": {"ai_ready": true}, "timestamp": 1785494721907}
{"sessionId": "cb680a", "runId": "post-fix", "hypothesisId": "D", "location": "app.py:main", "message": "ai_ready check at startup", "data": {"ai_ready": true}, "timestamp": 1785494722423}
{"sessionId": "cb680a", "runId": "post-fix", "hypothesisId": "D", "location": "app.py:main", "message": "ai_ready check at startup", "data": {"ai_ready": true}, "timestamp": 1785494729046}
{"sessionId": "cb680a", "runId": "post-fix", "hypothesisId": "D", "location": "app.py:main", "message": "ai_ready check at startup", "data": {"ai_ready": true}, "timestamp": 1785494731028}
{"sessionId": "cb680a", "runId": "post-fix", "hypothesisId": "D", "location": "app.py:main", "message": "ai_ready check at startup", "data": {"ai_ready": true}, "timestamp": 1785494735643}
{"sessionId": "cb680a", "runId": "post-fix", "hypothesisId": "D", "location": "app.py:main", "message": "ai_ready check at startup", "data": {"ai_ready": true}, "timestamp": 1785494775403}
{"sessionId": "cb680a", "runId": "post-fix", "hypothesisId": "D", "location": "app.py:main", "message": "ai_ready check at startup", "data": {"ai_ready": true}, "timestamp": 1785494779235}
{"sessionId": "cb680a", "runId": "post-fix", "hypothesisId": "D", "location": "app.py:main", "message": "ai_ready check at startup", "data": {"ai_ready": true}, "timestamp": 1785494779781}
{"sessionId": "cb680a", "runId": "post-fix", "hypothesisId": "D", "location": "app.py:main", "message": "ai_ready check at startup", "data": {"ai_ready": true}, "timestamp": 1785494780406}
{"sessionId": "cb680a", "runId": "pre-fix", "hypothesisId": "A", "location": "config.py:load_dotenv", "message": "paths before load_dotenv", "data": {"cwd": "C:\\Users\\stebo\\Desktop\\progetti app\\appunti2pdf", "env_exists": true, "env_example_exists": true, "env_key_in_os_before": false}, "timestamp": 1785494960794}
{"sessionId": "cb680a", "runId": "pre-fix", "hypothesisId": "B", "location": "config.py:load_dotenv", "message": "after load_dotenv(BASE_DIR/.env)", "data": {"env_key_in_os_after": true, "env_key_len_after": 53}, "timestamp": 1785494960797}
{"sessionId": "cb680a", "runId": "pre-fix", "hypothesisId": "C", "location": "config.py:AISettings", "message": "AI_SETTINGS initialized", "data": {"api_key_configured": true, "api_key_len": 53}, "timestamp": 1785494960799}
{"sessionId": "cb680a", "runId": "post-fix", "hypothesisId": "D", "location": "app.py:main", "message": "ai_ready check at startup", "data": {"ai_ready": true}, "timestamp": 1785494961220}
{"sessionId": "cb680a", "runId": "post-fix", "hypothesisId": "D", "location": "app.py:main", "message": "ai_ready check at startup", "data": {"ai_ready": true}, "timestamp": 1785494975096}
{"sessionId": "cb680a", "runId": "post-fix", "hypothesisId": "D", "location": "app.py:main", "message": "ai_ready check at startup", "data": {"ai_ready": true}, "timestamp": 1785494976971}
{"sessionId": "cb680a", "runId": "post-fix", "hypothesisId": "D", "location": "app.py:main", "message": "ai_ready check at startup", "data": {"ai_ready": true}, "timestamp": 1785494980307}
{"sessionId": "cb680a", "runId": "post-fix", "hypothesisId": "D", "location": "app.py:main", "message": "ai_ready check at startup", "data": {"ai_ready": true}, "timestamp": 1785494982178}
{"sessionId": "cb680a", "runId": "pre-fix", "hypothesisId": "A", "location": "app.py:download", "message": "pdf ready for download", "data": {"pdf_bytes_len": 7197, "pdf_filename": "Appunti.pdf", "desktop_mode": true, "runId": "download-debug"}, "timestamp": 1785495022006}
{"sessionId": "cb680a", "runId": "post-fix", "hypothesisId": "D", "location": "app.py:main", "message": "ai_ready check at startup", "data": {"ai_ready": true}, "timestamp": 1785496854492}
{"sessionId": "cb680a", "runId": "post-fix", "hypothesisId": "D", "location": "app.py:main", "message": "ai_ready check at startup", "data": {"ai_ready": true}, "timestamp": 1785496883069}
{"sessionId": "cb680a", "runId": "post-fix", "hypothesisId": "D", "location": "app.py:main", "message": "ai_ready check at startup", "data": {"ai_ready": true}, "timestamp": 1785496883550}
{"sessionId": "cb680a", "runId": "post-fix", "hypothesisId": "D", "location": "app.py:main", "message": "ai_ready check at startup", "data": {"ai_ready": true}, "timestamp": 1785496883954}
{"sessionId": "cb680a", "runId": "post-fix", "hypothesisId": "D", "location": "app.py:main", "message": "ai_ready check at startup", "data": {"ai_ready": true}, "timestamp": 1785496891576}
{"sessionId": "cb680a", "runId": "post-fix", "hypothesisId": "D", "location": "app.py:main", "message": "ai_ready check at startup", "data": {"ai_ready": true}, "timestamp": 1785496893095}
{"sessionId": "cb680a", "runId": "post-fix", "hypothesisId": "D", "location": "app.py:main", "message": "ai_ready check at startup", "data": {"ai_ready": true}, "timestamp": 1785496896129}
{"sessionId": "cb680a", "runId": "post-fix", "hypothesisId": "D", "location": "app.py:main", "message": "ai_ready check at startup", "data": {"ai_ready": true}, "timestamp": 1785496897637}
{"sessionId": "cb680a", "runId": "pre-fix", "hypothesisId": "A", "location": "app.py:download", "message": "pdf ready for download", "data": {"pdf_bytes_len": 6962, "pdf_filename": "Appunti.pdf", "desktop_mode": true, "runId": "download-debug"}, "timestamp": 1785496937971}
{"sessionId": "cb680a", "runId": "post-fix", "hypothesisId": "D", "location": "app.py:main", "message": "ai_ready check at startup", "data": {"ai_ready": true}, "timestamp": 1785496972559}
{"sessionId": "cb680a", "runId": "pre-fix", "hypothesisId": "A", "location": "app.py:download", "message": "pdf ready for download", "data": {"pdf_bytes_len": 6962, "pdf_filename": "Appunti.pdf", "desktop_mode": true, "runId": "download-debug"}, "timestamp": 1785496972573}
{"sessionId": "cb680a", "runId": "pre-fix", "hypothesisId": "B", "location": "app.py:download", "message": "native save button clicked", "data": {"pdf_bytes_len": 6962, "pdf_filename": "Appunti.pdf", "runId": "download-debug"}, "timestamp": 1785496972576}
{"sessionId": "cb680a", "runId": "pre-fix", "hypothesisId": "C", "location": "app.py:download", "message": "native save dialog result", "data": {"saved_path": "C:\\Users\\stebo\\Desktop\\Appunti test.pdf", "cancelled": false, "runId": "download-debug"}, "timestamp": 1785496989628}
{"sessionId": "cb680a", "runId": "pre-fix", "hypothesisId": "A", "location": "config.py:load_dotenv", "message": "paths before load_dotenv", "data": {"cwd": "C:\\Users\\stebo\\Desktop\\progetti app\\appunti2pdf", "env_exists": true, "env_example_exists": true, "env_key_in_os_before": false}, "timestamp": 1785533768461}
{"sessionId": "cb680a", "runId": "pre-fix", "hypothesisId": "B", "location": "config.py:load_dotenv", "message": "after load_dotenv(BASE_DIR/.env)", "data": {"env_key_in_os_after": true, "env_key_len_after": 53}, "timestamp": 1785533768466}
{"sessionId": "cb680a", "runId": "pre-fix", "hypothesisId": "C", "location": "config.py:AISettings", "message": "AI_SETTINGS initialized", "data": {"api_key_configured": true, "api_key_len": 53}, "timestamp": 1785533768468}
{"sessionId": "cb680a", "runId": "pre-fix", "hypothesisId": "A", "location": "config.py:load_dotenv", "message": "paths before load_dotenv", "data": {"cwd": "C:\\Users\\stebo\\Desktop\\progetti app\\appunti2pdf", "env_exists": true, "env_example_exists": true, "env_key_in_os_before": false}, "timestamp": 1785533879581}
{"sessionId": "cb680a", "runId": "pre-fix", "hypothesisId": "B", "location": "config.py:load_dotenv", "message": "after load_dotenv(BASE_DIR/.env)", "data": {"env_key_in_os_after": true, "env_key_len_after": 53}, "timestamp": 1785533879584}
{"sessionId": "cb680a", "runId": "pre-fix", "hypothesisId": "C", "location": "config.py:AISettings", "message": "AI_SETTINGS initialized", "data": {"api_key_configured": true, "api_key_len": 53}, "timestamp": 1785533879586}
{"sessionId": "cb680a", "runId": "post-fix", "hypothesisId": "D", "location": "app.py:main", "message": "ai_ready check at startup", "data": {"ai_ready": true}, "timestamp": 1785533880047}
{"sessionId": "cb680a", "runId": "post-fix", "hypothesisId": "D", "location": "app.py:main", "message": "ai_ready check at startup", "data": {"ai_ready": true}, "timestamp": 1785533903453}
{"sessionId": "cb680a", "runId": "post-fix", "hypothesisId": "D", "location": "app.py:main", "message": "ai_ready check at startup", "data": {"ai_ready": true}, "timestamp": 1785533904956}
{"sessionId": "cb680a", "runId": "post-fix", "hypothesisId": "D", "location": "app.py:main", "message": "ai_ready check at startup", "data": {"ai_ready": true}, "timestamp": 1785533909442}
{"sessionId": "cb680a", "runId": "post-fix", "hypothesisId": "D", "location": "app.py:main", "message": "ai_ready check at startup", "data": {"ai_ready": true}, "timestamp": 1785533912390}
{"sessionId": "cb680a", "runId": "pre-fix", "hypothesisId": "A", "location": "app.py:download", "message": "pdf ready for download", "data": {"pdf_bytes_len": 6470, "pdf_filename": "Appunti.pdf", "desktop_mode": true, "runId": "download-debug"}, "timestamp": 1785533954200}
{"sessionId": "cb680a", "runId": "post-fix", "hypothesisId": "D", "location": "app.py:main", "message": "ai_ready check at startup", "data": {"ai_ready": true}, "timestamp": 1785533966446}
{"sessionId": "cb680a", "runId": "post-fix", "hypothesisId": "D", "location": "app.py:main", "message": "ai_ready check at startup", "data": {"ai_ready": true}, "timestamp": 1785534242921}
{"sessionId": "cb680a", "runId": "post-fix", "hypothesisId": "D", "location": "app.py:main", "message": "ai_ready check at startup", "data": {"ai_ready": true}, "timestamp": 1785534243464}
{"sessionId": "cb680a", "runId": "post-fix", "hypothesisId": "D", "location": "app.py:main", "message": "ai_ready check at startup", "data": {"ai_ready": true}, "timestamp": 1785534243952}
{"sessionId": "cb680a", "runId": "pre-fix", "hypothesisId": "A", "location": "config.py:load_dotenv", "message": "paths before load_dotenv", "data": {"cwd": "C:\\Users\\stebo\\Desktop\\progetti app\\appunti2pdf", "env_exists": true, "env_example_exists": true, "env_key_in_os_before": false}, "timestamp": 1785534322269}
{"sessionId": "cb680a", "runId": "pre-fix", "hypothesisId": "B", "location": "config.py:load_dotenv", "message": "after load_dotenv(BASE_DIR/.env)", "data": {"env_key_in_os_after": true, "env_key_len_after": 53}, "timestamp": 1785534322271}
{"sessionId": "cb680a", "runId": "pre-fix", "hypothesisId": "C", "location": "config.py:AISettings", "message": "AI_SETTINGS initialized", "data": {"api_key_configured": true, "api_key_len": 53}, "timestamp": 1785534322273}
{"sessionId": "cb680a", "runId": "post-fix", "hypothesisId": "D", "location": "app.py:main", "message": "ai_ready check at startup", "data": {"ai_ready": true}, "timestamp": 1785534322590}
{"sessionId": "cb680a", "runId": "post-fix", "hypothesisId": "D", "location": "app.py:main", "message": "ai_ready check at startup", "data": {"ai_ready": true}, "timestamp": 1785534330388}
{"sessionId": "cb680a", "runId": "post-fix", "hypothesisId": "D", "location": "app.py:main", "message": "ai_ready check at startup", "data": {"ai_ready": true}, "timestamp": 1785534332670}
